// Jest Snapshot v1, https://goo.gl/fbAQLP

exports[`<App /> should render and match the snapshot 1`] = `
<ForwardRef>
  <HelmetWrapper
    defaultTitle="Manuel Duran DMI Challenge"
    defer={true}
    encodeSpecialCharacters={true}
    titleTemplate="%s - Manuel Duran DMI Challenge"
  >
    <meta
      content="A Manuel Duran DMI Challenge application"
      name="description"
    />
  </HelmetWrapper>
  <Header />
  <Switch>
    <Route
      component={[Function]}
      exact={true}
      path="/"
    />
    <Route
      component={[Function]}
      path="/input"
    />
    <Route
      component={[Function]}
    />
  </Switch>
  <GlobalStyleComponent />
</ForwardRef>
`;
