// Jest Snapshot v1, https://goo.gl/fbAQLP

exports[`<HomePage /> should render and match the snapshot 1`] = `
<div>
  <h1
    class="H1-tncdg6-0 cJREqO"
  >
    <span>
      This is the HomePage container!
    </span>
  </h1>
  <h3
    class="H3-sc-1nwhpi5-0 heZsqC"
  >
    <span>
      Behold: your strings!
    </span>
  </h3>
  <div>
    <div
      class="Wrapper-sc-1umgotm-0 laCwDT"
    >
      <ul
        class="Ul-mwnq6h-0 jcxXFy"
      >
        <li
          class="Wrapper-euo0oy-0 jLvxtc"
        >
          <div
            class="Item-sc-3y9mie-0 fKXSkT"
          >
            Something went wrong, please try again!
          </div>
        </li>
      </ul>
    </div>
  </div>
</div>
`;
